******************************************************************************
                  TMS470 Linker PC v4.9.1                      
******************************************************************************
>> Linked Mon May 07 12:08:34 2012

OUTPUT FILE NAME:   <uart_echo.out>
ENTRY POINT SYMBOL: "_c_int00"  address: 00002321


MEMORY CONFIGURATION

         name            origin    length      used     unused   attr    fill
----------------------  --------  ---------  --------  --------  ----  --------
  FLASH                 00000000   00040000  00002a6c  0003d594  R  X
  SRAM                  20000000   00010000  00000599  0000fa67  RW X


SEGMENT ALLOCATION MAP

run origin  load origin   length   init length attrs members
----------  ----------- ---------- ----------- ----- -------
00000000    00000000    00002a70   00002a70    r-x
  00000000    00000000    000000f0   000000f0    r-- .intvecs
  000000f0    000000f0    000024f8   000024f8    r-x .text
  000025e8    000025e8    00000424   00000424    r-- .const
  00002a10    00002a10    00000060   00000060    r-- .cinit
20000000    20000000    00000510   00000000    rw-
  20000000    20000000    00000410   00000000    rw- .bss
  20000410    20000410    00000100   00000000    rw- .stack
20000510    20000510    00000089   00000089    rw-
  20000510    20000510    00000089   00000089    rw- .data


SECTION ALLOCATION MAP

 output                                  attributes/
section   page    origin      length       input sections
--------  ----  ----------  ----------   ----------------
.intvecs   0    00000000    000000f0     
                  00000000    000000f0     startup_ccs.obj (.intvecs)

.text      0    000000f0    000024f8     
                  000000f0    00000e98     rtsv7M3_T_le_eabi.lib : _printfi.obj (.text)
                  00000f88    000001f4                           : ull_div_t2.obj (.text)
                  0000117c    000001b6                           : fd_add_t2.obj (.text)
                  00001332    00000002     startup_ccs.obj (.text:FaultISR)
                  00001334    00000198     driverlib.lib : sysctl.obj (.text:SysCtlClockGet)
                  000014cc    00000136     rtsv7M3_T_le_eabi.lib : fd_div_t2.obj (.text)
                  00001602    00000002     startup_ccs.obj (.text:IntDefaultHandler)
                  00001604    00000128     driverlib.lib : sysctl.obj (.text:SysCtlClockSet)
                  0000172c    00000100     uart_echo.obj (.text:SetupHardware)
                  0000182c    000000fc     rtsv7M3_T_le_eabi.lib : fd_mul_t2.obj (.text)
                  00001928    000000d4     rit128x96x4.obj (.text:RIT128x96x4StringDraw)
                  000019fc    000000c8     driverlib.lib : gpio.obj (.text:GPIOPadConfigSet)
                  00001ac4    000000c8     uart_echo.obj (.text:main)
                  00001b8c    0000009c     rtsv7M3_T_le_eabi.lib : memcpy_t2.obj (.text)
                  00001c28    00000094                           : auto_init.obj (.text)
                  00001cbc    00000088     rit128x96x4.obj (.text:RIT128x96x4Init)
                  00001d44    0000007e     rtsv7M3_T_le_eabi.lib : fd_cmp_t2.obj (.text)
                  00001dc2    00000078                           : memset_t2.obj (.text)
                  00001e3a    00000002     startup_ccs.obj (.text:NmiSR)
                  00001e3c    00000070     driverlib.lib : interrupt.obj (.text:IntEnable)
                  00001eac    00000060     rtsv7M3_T_le_eabi.lib : sprintf.obj (.text)
                  00001f0c    0000005e                           : copy_decompress_rle.obj (.text)
                  00001f6a    00000002     --HOLE-- [fill = 0]
                  00001f6c    0000005c     rit128x96x4.obj (.text:RIT128x96x4Enable)
                  00001fc8    00000058     rtsv7M3_T_le_eabi.lib : ltoa.obj (.text)
                  00002020    0000004c                           : atoi.obj (.text)
                  0000206c    00000048     driverlib.lib : gpio.obj (.text:GPIOPinConfigure)
                  000020b4    00000048     rit128x96x4.obj (.text:RIT128x96x4Clear)
                  000020fc    00000048     rtsv7M3_T_le_eabi.lib : cpy_tbl.obj (.text)
                  00002144    00000048                           : fd_toi_t2.obj (.text)
                  0000218c    00000046                           : xdtest.obj (.text)
                  000021d2    00000044     driverlib.lib : ssi.obj (.text:SSIConfigSetExpClk)
                  00002216    00000002     --HOLE-- [fill = 0]
                  00002218    00000044     rtsv7M3_T_le_eabi.lib : exit.obj (.text)
                  0000225c    00000042     driverlib.lib : uart.obj (.text:UARTConfigSetExpClk)
                  0000229e    00000002     --HOLE-- [fill = 0]
                  000022a0    00000040     rit128x96x4.obj (.text:RITWriteCommand)
                  000022e0    00000040     rit128x96x4.obj (.text:RITWriteData)
                  00002320    00000034     rtsv7M3_T_le_eabi.lib : boot.obj (.text)
                  00002354    0000002e     driverlib.lib : gpio.obj (.text:GPIODirModeSet)
                  00002382    0000002e     rtsv7M3_T_le_eabi.lib : i_tofd_t2.obj (.text)
                  000023b0    0000002c     uart_echo.obj (.text:UART0IntHandler)
                  000023dc    0000002c     uart_echo.obj (.text:UART1IntHandler)
                  00002408    0000001c     driverlib.lib : sysctl.obj (.text:SysCtlPeripheralEnable)
                  00002424    0000001c                   : uart.obj (.text:UARTDisable)
                  00002440    0000001a     rtsv7M3_T_le_eabi.lib : memccpy.obj (.text)
                  0000245a    00000002     --HOLE-- [fill = 0]
                  0000245c    00000018                           : _lock.obj (.text)
                  00002474    00000018                           : args_main.obj (.text)
                  0000248c    00000018                           : ll_mul_t2.obj (.text)
                  000024a4    00000014     driverlib.lib : sysctl.obj (.text:SysCtlDelay)
                  000024b8    00000014                   : uart.obj (.text:UARTEnable)
                  000024cc    00000014     rtsv7M3_T_le_eabi.lib : strlen.obj (.text)
                  000024e0    00000012     driverlib.lib : gpio.obj (.text:GPIOPinTypeGPIOOutput)
                  000024f2    00000012                   : gpio.obj (.text:GPIOPinTypeSSI)
                  00002504    00000012                   : gpio.obj (.text:GPIOPinTypeUART)
                  00002516    00000012                   : ssi.obj (.text:SSIDataGetNonBlocking)
                  00002528    00000012     rtsv7M3_T_le_eabi.lib : copy_zero_init.obj (.text:decompress:ZI)
                  0000253a    0000000e                           : copy_decompress_none.obj (.text:decompress:none)
                  00002548    0000000e                           : xdclass.obj (.text)
                  00002556    0000000c     driverlib.lib : cpu.obj (.text:CPUcpsie)
                  00002562    00000002     --HOLE-- [fill = 0]
                  00002564    0000000c     rit128x96x4.obj (.text:RIT128x96x4DisplayOff)
                  00002570    0000000c     driverlib.lib : ssi.obj (.text:SSIDataGet)
                  0000257c    0000000a                   : interrupt.obj (.text:IntMasterEnable)
                  00002586    0000000a                   : ssi.obj (.text:SSIDataPut)
                  00002590    0000000a                   : ssi.obj (.text:SSIDisable)
                  0000259a    0000000a                   : ssi.obj (.text:SSIEnable)
                  000025a4    0000000a                   : uart.obj (.text:UARTCharGet)
                  000025ae    0000000a                   : uart.obj (.text:UARTCharPut)
                  000025b8    0000000a                   : uart.obj (.text:UARTFIFODisable)
                  000025c2    00000008                   : uart.obj (.text:UARTBusy)
                  000025ca    00000008                   : uart.obj (.text:UARTIntEnable)
                  000025d2    00000006                   : gpio.obj (.text:GPIOPinWrite)
                  000025d8    00000006     startup_ccs.obj (.text:ResetISR)
                  000025de    00000006     rtsv7M3_T_le_eabi.lib : copy_decompress_rle.obj (.text:decompress:rle24)
                  000025e4    00000004     driverlib.lib : uart.obj (.text:UARTIntClear)

.const     0    000025e8    00000424     
                  000025e8    000001e0     rit128x96x4.obj (.const:g_pucFont)
                  000027c8    00000101     rtsv7M3_T_le_eabi.lib : ctype.obj (.const:_ctypes_)
                  000028c9    00000003     --HOLE-- [fill = 0]
                  000028cc    0000005c     driverlib.lib : sysctl.obj (.const:g_pulXtals)
                  00002928    0000004f     rit128x96x4.obj (.const:g_pucRIT128x96x4Init)
                  00002977    00000001     --HOLE-- [fill = 0]
                  00002978    00000048     driverlib.lib : gpio.obj (.const:g_pulGPIOBaseAddrs)
                  000029c0    00000040                   : sysctl.obj (.const)
                  00002a00    0000000c     rit128x96x4.obj (.const)

.cinit     0    00002a10    00000060     
                  00002a10    00000035     (.cinit..data.load) [load image, compression = rle]
                  00002a45    00000003     --HOLE-- [fill = 0]
                  00002a48    0000000c     (__TI_handler_table)
                  00002a54    00000004     --HOLE-- [fill = 0]
                  00002a58    00000008     (.cinit..bss.load) [load image, compression = zero_init]
                  00002a60    00000010     (__TI_cinit_table)

.bss       0    20000000    00000410     UNINITIALIZED
                  20000000    000003e8     uart_echo.obj (.bss:Tx_String1)
                  200003e8    0000001c     uart_echo.obj (.bss)
                  20000404    00000008     rit128x96x4.obj (.bss)
                  2000040c    00000004     driverlib.lib : sysctl.obj (.bss)

.stack     0    20000410    00000100     UNINITIALIZED
                  20000410    00000100     --HOLE--

.data      0    20000510    00000089     
                  20000510    00000070     rtsv7M3_T_le_eabi.lib : xlvalues.obj (.data)
                  20000580    00000008                           : _lock.obj (.data)
                  20000588    00000008                           : exit.obj (.data)
                  20000590    00000004                           : stkdepth_vars.obj (.data)
                  20000594    00000001     rit128x96x4.obj (.data)
                  20000595    00000003     --HOLE--
                  20000598    00000001     uart_echo.obj (.data)


LINKER GENERATED COPY TABLES

__TI_cinit_table @ 00002a60 records: 2, size/record: 8, table size: 16
	.data: load addr=00002a10, load size=00000035 bytes, run addr=20000510, run size=00000089 bytes, compression=rle
	.bss: load addr=00002a58, load size=00000008 bytes, run addr=20000000, run size=00000410 bytes, compression=zero_init


LINKER GENERATED HANDLER TABLE

__TI_handler_table @ 00002a48 records: 3, size/record: 4, table size: 12
	index: 0, handler: __TI_decompress_rle24
	index: 1, handler: __TI_decompress_none
	index: 2, handler: __TI_zero_init


GLOBAL SYMBOLS: SORTED ALPHABETICALLY BY Name 

address    name
--------   ----
00002219   C$$EXIT
00002557   CPUcpsie
00002355   GPIODirModeSet
000019fd   GPIOPadConfigSet
0000206d   GPIOPinConfigure
000024e1   GPIOPinTypeGPIOOutput
000024f3   GPIOPinTypeSSI
00002505   GPIOPinTypeUART
000025d3   GPIOPinWrite
00001e3d   IntEnable
0000257d   IntMasterEnable
200003fc   Pr_ptr0
20000400   Pr_ptr1
000020b5   RIT128x96x4Clear
00002565   RIT128x96x4DisplayOff
00001f6d   RIT128x96x4Enable
00001cbd   RIT128x96x4Init
00001929   RIT128x96x4StringDraw
000025d9   ResetISR
200003ea   Rx_Buffer1
200003e8   Rx_String0
200003e9   Rx_String1
000021d3   SSIConfigSetExpClk
00002571   SSIDataGet
00002517   SSIDataGetNonBlocking
00002587   SSIDataPut
00002591   SSIDisable
0000259b   SSIEnable
0000172d   SetupHardware
00001335   SysCtlClockGet
00001605   SysCtlClockSet
000024a5   SysCtlDelay
00002409   SysCtlPeripheralEnable
20000000   Tx_String1
200003f4   Tx_ptr0
200003f8   Tx_ptr1
000023b1   UART0IntHandler
000023dd   UART1IntHandler
000025c3   UARTBusy
000025a5   UARTCharGet
000025af   UARTCharPut
0000225d   UARTConfigSetExpClk
00002425   UARTDisable
000024b9   UARTEnable
000025b9   UARTFIFODisable
000025e5   UARTIntClear
000025cb   UARTIntEnable
00002549   _Dclass
0000218d   _Dtest
20000510   _LDenorm
20000520   _LEps
20000530   _LInf
20000540   _LNan
20000560   _LRteps
20000550   _LSnan
20000570   _LXbig
20000578   _LZero
20000510   __STACK_END
00000100   __STACK_SIZE
20000510   __STACK_TOP
00002a60   __TI_CINIT_Base
00002a70   __TI_CINIT_Limit
00002a48   __TI_Handler_Table_Base
00002a54   __TI_Handler_Table_Limit
00000001   __TI_args_main
00001c29   __TI_auto_init
0000253b   __TI_decompress_none
000025df   __TI_decompress_rle24
00000000   __TI_static_base__
00002529   __TI_zero_init
00001d45   __aeabi_cdcmpeq
00001d45   __aeabi_cdcmple
00002145   __aeabi_d2iz
00001187   __aeabi_dadd
000014cd   __aeabi_ddiv
0000182d   __aeabi_dmul
0000117d   __aeabi_dsub
00002383   __aeabi_i2d
0000248d   __aeabi_lmul
00001dc3   __aeabi_memclr
00001dc3   __aeabi_memclr4
00001dc3   __aeabi_memclr8
00001b8d   __aeabi_memcpy
00001b8d   __aeabi_memcpy4
00001b8d   __aeabi_memcpy8
00001dc5   __aeabi_memset
00001dc5   __aeabi_memset4
00001dc5   __aeabi_memset8
00000f89   __aeabi_uldivmod
ffffffff   __binit__
ffffffff   __c_args__
20000410   __stack
00002475   _args_main
00002321   _c_int00
20000588   _cleanup_ptr
000027c8   _ctypes_
2000058c   _dtors_ptr
20000580   _lock
00002469   _nop
00000dfb   _printfi
00002463   _register_lock
0000245d   _register_unlock
20000584   _unlock
0000221d   abort
00002021   atoi
ffffffff   binit
000020fd   copy_in
00002225   exit
20000598   flag1
00000000   g_pfnVectors
2000040c   g_ulInlineCCSWorkaround
00001fc9   ltoa
00001ac5   main
20000590   main_func_sp
00002441   memccpy
00001b8d   memcpy
00001dcb   memset
00001ead   sprintf
000024cd   strlen


GLOBAL SYMBOLS: SORTED BY Symbol Address 

address    name
--------   ----
00000000   __TI_static_base__
00000000   g_pfnVectors
00000001   __TI_args_main
00000100   __STACK_SIZE
00000dfb   _printfi
00000f89   __aeabi_uldivmod
0000117d   __aeabi_dsub
00001187   __aeabi_dadd
00001335   SysCtlClockGet
000014cd   __aeabi_ddiv
00001605   SysCtlClockSet
0000172d   SetupHardware
0000182d   __aeabi_dmul
00001929   RIT128x96x4StringDraw
000019fd   GPIOPadConfigSet
00001ac5   main
00001b8d   __aeabi_memcpy
00001b8d   __aeabi_memcpy4
00001b8d   __aeabi_memcpy8
00001b8d   memcpy
00001c29   __TI_auto_init
00001cbd   RIT128x96x4Init
00001d45   __aeabi_cdcmpeq
00001d45   __aeabi_cdcmple
00001dc3   __aeabi_memclr
00001dc3   __aeabi_memclr4
00001dc3   __aeabi_memclr8
00001dc5   __aeabi_memset
00001dc5   __aeabi_memset4
00001dc5   __aeabi_memset8
00001dcb   memset
00001e3d   IntEnable
00001ead   sprintf
00001f6d   RIT128x96x4Enable
00001fc9   ltoa
00002021   atoi
0000206d   GPIOPinConfigure
000020b5   RIT128x96x4Clear
000020fd   copy_in
00002145   __aeabi_d2iz
0000218d   _Dtest
000021d3   SSIConfigSetExpClk
00002219   C$$EXIT
0000221d   abort
00002225   exit
0000225d   UARTConfigSetExpClk
00002321   _c_int00
00002355   GPIODirModeSet
00002383   __aeabi_i2d
000023b1   UART0IntHandler
000023dd   UART1IntHandler
00002409   SysCtlPeripheralEnable
00002425   UARTDisable
00002441   memccpy
0000245d   _register_unlock
00002463   _register_lock
00002469   _nop
00002475   _args_main
0000248d   __aeabi_lmul
000024a5   SysCtlDelay
000024b9   UARTEnable
000024cd   strlen
000024e1   GPIOPinTypeGPIOOutput
000024f3   GPIOPinTypeSSI
00002505   GPIOPinTypeUART
00002517   SSIDataGetNonBlocking
00002529   __TI_zero_init
0000253b   __TI_decompress_none
00002549   _Dclass
00002557   CPUcpsie
00002565   RIT128x96x4DisplayOff
00002571   SSIDataGet
0000257d   IntMasterEnable
00002587   SSIDataPut
00002591   SSIDisable
0000259b   SSIEnable
000025a5   UARTCharGet
000025af   UARTCharPut
000025b9   UARTFIFODisable
000025c3   UARTBusy
000025cb   UARTIntEnable
000025d3   GPIOPinWrite
000025d9   ResetISR
000025df   __TI_decompress_rle24
000025e5   UARTIntClear
000027c8   _ctypes_
00002a48   __TI_Handler_Table_Base
00002a54   __TI_Handler_Table_Limit
00002a60   __TI_CINIT_Base
00002a70   __TI_CINIT_Limit
20000000   Tx_String1
200003e8   Rx_String0
200003e9   Rx_String1
200003ea   Rx_Buffer1
200003f4   Tx_ptr0
200003f8   Tx_ptr1
200003fc   Pr_ptr0
20000400   Pr_ptr1
2000040c   g_ulInlineCCSWorkaround
20000410   __stack
20000510   _LDenorm
20000510   __STACK_END
20000510   __STACK_TOP
20000520   _LEps
20000530   _LInf
20000540   _LNan
20000550   _LSnan
20000560   _LRteps
20000570   _LXbig
20000578   _LZero
20000580   _lock
20000584   _unlock
20000588   _cleanup_ptr
2000058c   _dtors_ptr
20000590   main_func_sp
20000598   flag1
ffffffff   __binit__
ffffffff   __c_args__
ffffffff   binit

[119 symbols]
