******************************************************************************
                  TMS470 Linker PC v4.9.1                      
******************************************************************************
>> Linked Mon May 07 13:57:54 2012

OUTPUT FILE NAME:   <uart_echo.out>
ENTRY POINT SYMBOL: "_c_int00"  address: 00002325


MEMORY CONFIGURATION

         name            origin    length      used     unused   attr    fill
----------------------  --------  ---------  --------  --------  ----  --------
  FLASH                 00000000   00040000  00002a70  0003d590  R  X
  SRAM                  20000000   00010000  00000599  0000fa67  RW X


SEGMENT ALLOCATION MAP

run origin  load origin   length   init length attrs members
----------  ----------- ---------- ----------- ----- -------
00000000    00000000    00002a70   00002a70    r-x
  00000000    00000000    000000f0   000000f0    r-- .intvecs
  000000f0    000000f0    000024fc   000024fc    r-x .text
  000025ec    000025ec    00000424   00000424    r-- .const
  00002a10    00002a10    00000060   00000060    r-- .cinit
20000000    20000000    00000510   00000000    rw-
  20000000    20000000    00000410   00000000    rw- .bss
  20000410    20000410    00000100   00000000    rw- .stack
20000510    20000510    00000089   00000089    rw-
  20000510    20000510    00000089   00000089    rw- .data


SECTION ALLOCATION MAP

 output                                  attributes/
section   page    origin      length       input sections
--------  ----  ----------  ----------   ----------------
.intvecs   0    00000000    000000f0     
                  00000000    000000f0     startup_ccs.obj (.intvecs)

.text      0    000000f0    000024fc     
                  000000f0    00000e98     rtsv7M3_T_le_eabi.lib : _printfi.obj (.text)
                  00000f88    000001f4                           : ull_div_t2.obj (.text)
                  0000117c    000001b6                           : fd_add_t2.obj (.text)
                  00001332    00000002     startup_ccs.obj (.text:FaultISR)
                  00001334    00000198     driverlib.lib : sysctl.obj (.text:SysCtlClockGet)
                  000014cc    00000136     rtsv7M3_T_le_eabi.lib : fd_div_t2.obj (.text)
                  00001602    00000002     startup_ccs.obj (.text:IntDefaultHandler)
                  00001604    00000128     driverlib.lib : sysctl.obj (.text:SysCtlClockSet)
                  0000172c    00000104     uart_echo.obj (.text:SetupHardware)
                  00001830    000000fc     rtsv7M3_T_le_eabi.lib : fd_mul_t2.obj (.text)
                  0000192c    000000d4     rit128x96x4.obj (.text:RIT128x96x4StringDraw)
                  00001a00    000000c8     driverlib.lib : gpio.obj (.text:GPIOPadConfigSet)
                  00001ac8    000000c8     uart_echo.obj (.text:main)
                  00001b90    0000009c     rtsv7M3_T_le_eabi.lib : memcpy_t2.obj (.text)
                  00001c2c    00000094                           : auto_init.obj (.text)
                  00001cc0    00000088     rit128x96x4.obj (.text:RIT128x96x4Init)
                  00001d48    0000007e     rtsv7M3_T_le_eabi.lib : fd_cmp_t2.obj (.text)
                  00001dc6    00000078                           : memset_t2.obj (.text)
                  00001e3e    00000002     startup_ccs.obj (.text:NmiSR)
                  00001e40    00000070     driverlib.lib : interrupt.obj (.text:IntEnable)
                  00001eb0    00000060     rtsv7M3_T_le_eabi.lib : sprintf.obj (.text)
                  00001f10    0000005e                           : copy_decompress_rle.obj (.text)
                  00001f6e    00000002     --HOLE-- [fill = 0]
                  00001f70    0000005c     rit128x96x4.obj (.text:RIT128x96x4Enable)
                  00001fcc    00000058     rtsv7M3_T_le_eabi.lib : ltoa.obj (.text)
                  00002024    0000004c                           : atoi.obj (.text)
                  00002070    00000048     driverlib.lib : gpio.obj (.text:GPIOPinConfigure)
                  000020b8    00000048     rit128x96x4.obj (.text:RIT128x96x4Clear)
                  00002100    00000048     rtsv7M3_T_le_eabi.lib : cpy_tbl.obj (.text)
                  00002148    00000048                           : fd_toi_t2.obj (.text)
                  00002190    00000046                           : xdtest.obj (.text)
                  000021d6    00000044     driverlib.lib : ssi.obj (.text:SSIConfigSetExpClk)
                  0000221a    00000002     --HOLE-- [fill = 0]
                  0000221c    00000044     rtsv7M3_T_le_eabi.lib : exit.obj (.text)
                  00002260    00000042     driverlib.lib : uart.obj (.text:UARTConfigSetExpClk)
                  000022a2    00000002     --HOLE-- [fill = 0]
                  000022a4    00000040     rit128x96x4.obj (.text:RITWriteCommand)
                  000022e4    00000040     rit128x96x4.obj (.text:RITWriteData)
                  00002324    00000034     rtsv7M3_T_le_eabi.lib : boot.obj (.text)
                  00002358    0000002e     driverlib.lib : gpio.obj (.text:GPIODirModeSet)
                  00002386    0000002e     rtsv7M3_T_le_eabi.lib : i_tofd_t2.obj (.text)
                  000023b4    0000002c     uart_echo.obj (.text:UART0IntHandler)
                  000023e0    0000002c     uart_echo.obj (.text:UART1IntHandler)
                  0000240c    0000001c     driverlib.lib : sysctl.obj (.text:SysCtlPeripheralEnable)
                  00002428    0000001c                   : uart.obj (.text:UARTDisable)
                  00002444    0000001a     rtsv7M3_T_le_eabi.lib : memccpy.obj (.text)
                  0000245e    00000002     --HOLE-- [fill = 0]
                  00002460    00000018                           : _lock.obj (.text)
                  00002478    00000018                           : args_main.obj (.text)
                  00002490    00000018                           : ll_mul_t2.obj (.text)
                  000024a8    00000014     driverlib.lib : sysctl.obj (.text:SysCtlDelay)
                  000024bc    00000014                   : uart.obj (.text:UARTEnable)
                  000024d0    00000014     rtsv7M3_T_le_eabi.lib : strlen.obj (.text)
                  000024e4    00000012     driverlib.lib : gpio.obj (.text:GPIOPinTypeGPIOOutput)
                  000024f6    00000012                   : gpio.obj (.text:GPIOPinTypeSSI)
                  00002508    00000012                   : gpio.obj (.text:GPIOPinTypeUART)
                  0000251a    00000012                   : ssi.obj (.text:SSIDataGetNonBlocking)
                  0000252c    00000012     rtsv7M3_T_le_eabi.lib : copy_zero_init.obj (.text:decompress:ZI)
                  0000253e    0000000e                           : copy_decompress_none.obj (.text:decompress:none)
                  0000254c    0000000e                           : xdclass.obj (.text)
                  0000255a    0000000c     driverlib.lib : cpu.obj (.text:CPUcpsie)
                  00002566    00000002     --HOLE-- [fill = 0]
                  00002568    0000000c     rit128x96x4.obj (.text:RIT128x96x4DisplayOff)
                  00002574    0000000c     driverlib.lib : ssi.obj (.text:SSIDataGet)
                  00002580    0000000a                   : interrupt.obj (.text:IntMasterEnable)
                  0000258a    0000000a                   : ssi.obj (.text:SSIDataPut)
                  00002594    0000000a                   : ssi.obj (.text:SSIDisable)
                  0000259e    0000000a                   : ssi.obj (.text:SSIEnable)
                  000025a8    0000000a                   : uart.obj (.text:UARTCharGet)
                  000025b2    0000000a                   : uart.obj (.text:UARTCharPut)
                  000025bc    0000000a                   : uart.obj (.text:UARTFIFODisable)
                  000025c6    00000008                   : uart.obj (.text:UARTBusy)
                  000025ce    00000008                   : uart.obj (.text:UARTIntEnable)
                  000025d6    00000006                   : gpio.obj (.text:GPIOPinWrite)
                  000025dc    00000006     startup_ccs.obj (.text:ResetISR)
                  000025e2    00000006     rtsv7M3_T_le_eabi.lib : copy_decompress_rle.obj (.text:decompress:rle24)
                  000025e8    00000004     driverlib.lib : uart.obj (.text:UARTIntClear)

.const     0    000025ec    00000424     
                  000025ec    000001e0     rit128x96x4.obj (.const:g_pucFont)
                  000027cc    00000101     rtsv7M3_T_le_eabi.lib : ctype.obj (.const:_ctypes_)
                  000028cd    00000003     --HOLE-- [fill = 0]
                  000028d0    0000005c     driverlib.lib : sysctl.obj (.const:g_pulXtals)
                  0000292c    0000004f     rit128x96x4.obj (.const:g_pucRIT128x96x4Init)
                  0000297b    00000001     --HOLE-- [fill = 0]
                  0000297c    00000048     driverlib.lib : gpio.obj (.const:g_pulGPIOBaseAddrs)
                  000029c4    00000040                   : sysctl.obj (.const)
                  00002a04    0000000c     rit128x96x4.obj (.const)

.cinit     0    00002a10    00000060     
                  00002a10    00000035     (.cinit..data.load) [load image, compression = rle]
                  00002a45    00000003     --HOLE-- [fill = 0]
                  00002a48    0000000c     (__TI_handler_table)
                  00002a54    00000004     --HOLE-- [fill = 0]
                  00002a58    00000008     (.cinit..bss.load) [load image, compression = zero_init]
                  00002a60    00000010     (__TI_cinit_table)

.bss       0    20000000    00000410     UNINITIALIZED
                  20000000    000003e8     uart_echo.obj (.bss:Tx_String1)
                  200003e8    0000001c     uart_echo.obj (.bss)
                  20000404    00000008     rit128x96x4.obj (.bss)
                  2000040c    00000004     driverlib.lib : sysctl.obj (.bss)

.stack     0    20000410    00000100     UNINITIALIZED
                  20000410    00000100     --HOLE--

.data      0    20000510    00000089     
                  20000510    00000070     rtsv7M3_T_le_eabi.lib : xlvalues.obj (.data)
                  20000580    00000008                           : _lock.obj (.data)
                  20000588    00000008                           : exit.obj (.data)
                  20000590    00000004                           : stkdepth_vars.obj (.data)
                  20000594    00000001     rit128x96x4.obj (.data)
                  20000595    00000003     --HOLE--
                  20000598    00000001     uart_echo.obj (.data)


LINKER GENERATED COPY TABLES

__TI_cinit_table @ 00002a60 records: 2, size/record: 8, table size: 16
	.data: load addr=00002a10, load size=00000035 bytes, run addr=20000510, run size=00000089 bytes, compression=rle
	.bss: load addr=00002a58, load size=00000008 bytes, run addr=20000000, run size=00000410 bytes, compression=zero_init


LINKER GENERATED HANDLER TABLE

__TI_handler_table @ 00002a48 records: 3, size/record: 4, table size: 12
	index: 0, handler: __TI_decompress_rle24
	index: 1, handler: __TI_decompress_none
	index: 2, handler: __TI_zero_init


GLOBAL SYMBOLS: SORTED ALPHABETICALLY BY Name 

address    name
--------   ----
0000221d   C$$EXIT
0000255b   CPUcpsie
00002359   GPIODirModeSet
00001a01   GPIOPadConfigSet
00002071   GPIOPinConfigure
000024e5   GPIOPinTypeGPIOOutput
000024f7   GPIOPinTypeSSI
00002509   GPIOPinTypeUART
000025d7   GPIOPinWrite
00001e41   IntEnable
00002581   IntMasterEnable
200003fc   Pr_ptr0
20000400   Pr_ptr1
000020b9   RIT128x96x4Clear
00002569   RIT128x96x4DisplayOff
00001f71   RIT128x96x4Enable
00001cc1   RIT128x96x4Init
0000192d   RIT128x96x4StringDraw
000025dd   ResetISR
200003ea   Rx_Buffer1
200003e8   Rx_String0
200003e9   Rx_String1
000021d7   SSIConfigSetExpClk
00002575   SSIDataGet
0000251b   SSIDataGetNonBlocking
0000258b   SSIDataPut
00002595   SSIDisable
0000259f   SSIEnable
0000172d   SetupHardware
00001335   SysCtlClockGet
00001605   SysCtlClockSet
000024a9   SysCtlDelay
0000240d   SysCtlPeripheralEnable
20000000   Tx_String1
200003f4   Tx_ptr0
200003f8   Tx_ptr1
000023b5   UART0IntHandler
000023e1   UART1IntHandler
000025c7   UARTBusy
000025a9   UARTCharGet
000025b3   UARTCharPut
00002261   UARTConfigSetExpClk
00002429   UARTDisable
000024bd   UARTEnable
000025bd   UARTFIFODisable
000025e9   UARTIntClear
000025cf   UARTIntEnable
0000254d   _Dclass
00002191   _Dtest
20000510   _LDenorm
20000520   _LEps
20000530   _LInf
20000540   _LNan
20000560   _LRteps
20000550   _LSnan
20000570   _LXbig
20000578   _LZero
20000510   __STACK_END
00000100   __STACK_SIZE
20000510   __STACK_TOP
00002a60   __TI_CINIT_Base
00002a70   __TI_CINIT_Limit
00002a48   __TI_Handler_Table_Base
00002a54   __TI_Handler_Table_Limit
00000001   __TI_args_main
00001c2d   __TI_auto_init
0000253f   __TI_decompress_none
000025e3   __TI_decompress_rle24
00000000   __TI_static_base__
0000252d   __TI_zero_init
00001d49   __aeabi_cdcmpeq
00001d49   __aeabi_cdcmple
00002149   __aeabi_d2iz
00001187   __aeabi_dadd
000014cd   __aeabi_ddiv
00001831   __aeabi_dmul
0000117d   __aeabi_dsub
00002387   __aeabi_i2d
00002491   __aeabi_lmul
00001dc7   __aeabi_memclr
00001dc7   __aeabi_memclr4
00001dc7   __aeabi_memclr8
00001b91   __aeabi_memcpy
00001b91   __aeabi_memcpy4
00001b91   __aeabi_memcpy8
00001dc9   __aeabi_memset
00001dc9   __aeabi_memset4
00001dc9   __aeabi_memset8
00000f89   __aeabi_uldivmod
ffffffff   __binit__
ffffffff   __c_args__
20000410   __stack
00002479   _args_main
00002325   _c_int00
20000588   _cleanup_ptr
000027cc   _ctypes_
2000058c   _dtors_ptr
20000580   _lock
0000246d   _nop
00000dfb   _printfi
00002467   _register_lock
00002461   _register_unlock
20000584   _unlock
00002221   abort
00002025   atoi
ffffffff   binit
00002101   copy_in
00002229   exit
20000598   flag1
00000000   g_pfnVectors
2000040c   g_ulInlineCCSWorkaround
00001fcd   ltoa
00001ac9   main
20000590   main_func_sp
00002445   memccpy
00001b91   memcpy
00001dcf   memset
00001eb1   sprintf
000024d1   strlen


GLOBAL SYMBOLS: SORTED BY Symbol Address 

address    name
--------   ----
00000000   __TI_static_base__
00000000   g_pfnVectors
00000001   __TI_args_main
00000100   __STACK_SIZE
00000dfb   _printfi
00000f89   __aeabi_uldivmod
0000117d   __aeabi_dsub
00001187   __aeabi_dadd
00001335   SysCtlClockGet
000014cd   __aeabi_ddiv
00001605   SysCtlClockSet
0000172d   SetupHardware
00001831   __aeabi_dmul
0000192d   RIT128x96x4StringDraw
00001a01   GPIOPadConfigSet
00001ac9   main
00001b91   __aeabi_memcpy
00001b91   __aeabi_memcpy4
00001b91   __aeabi_memcpy8
00001b91   memcpy
00001c2d   __TI_auto_init
00001cc1   RIT128x96x4Init
00001d49   __aeabi_cdcmpeq
00001d49   __aeabi_cdcmple
00001dc7   __aeabi_memclr
00001dc7   __aeabi_memclr4
00001dc7   __aeabi_memclr8
00001dc9   __aeabi_memset
00001dc9   __aeabi_memset4
00001dc9   __aeabi_memset8
00001dcf   memset
00001e41   IntEnable
00001eb1   sprintf
00001f71   RIT128x96x4Enable
00001fcd   ltoa
00002025   atoi
00002071   GPIOPinConfigure
000020b9   RIT128x96x4Clear
00002101   copy_in
00002149   __aeabi_d2iz
00002191   _Dtest
000021d7   SSIConfigSetExpClk
0000221d   C$$EXIT
00002221   abort
00002229   exit
00002261   UARTConfigSetExpClk
00002325   _c_int00
00002359   GPIODirModeSet
00002387   __aeabi_i2d
000023b5   UART0IntHandler
000023e1   UART1IntHandler
0000240d   SysCtlPeripheralEnable
00002429   UARTDisable
00002445   memccpy
00002461   _register_unlock
00002467   _register_lock
0000246d   _nop
00002479   _args_main
00002491   __aeabi_lmul
000024a9   SysCtlDelay
000024bd   UARTEnable
000024d1   strlen
000024e5   GPIOPinTypeGPIOOutput
000024f7   GPIOPinTypeSSI
00002509   GPIOPinTypeUART
0000251b   SSIDataGetNonBlocking
0000252d   __TI_zero_init
0000253f   __TI_decompress_none
0000254d   _Dclass
0000255b   CPUcpsie
00002569   RIT128x96x4DisplayOff
00002575   SSIDataGet
00002581   IntMasterEnable
0000258b   SSIDataPut
00002595   SSIDisable
0000259f   SSIEnable
000025a9   UARTCharGet
000025b3   UARTCharPut
000025bd   UARTFIFODisable
000025c7   UARTBusy
000025cf   UARTIntEnable
000025d7   GPIOPinWrite
000025dd   ResetISR
000025e3   __TI_decompress_rle24
000025e9   UARTIntClear
000027cc   _ctypes_
00002a48   __TI_Handler_Table_Base
00002a54   __TI_Handler_Table_Limit
00002a60   __TI_CINIT_Base
00002a70   __TI_CINIT_Limit
20000000   Tx_String1
200003e8   Rx_String0
200003e9   Rx_String1
200003ea   Rx_Buffer1
200003f4   Tx_ptr0
200003f8   Tx_ptr1
200003fc   Pr_ptr0
20000400   Pr_ptr1
2000040c   g_ulInlineCCSWorkaround
20000410   __stack
20000510   _LDenorm
20000510   __STACK_END
20000510   __STACK_TOP
20000520   _LEps
20000530   _LInf
20000540   _LNan
20000550   _LSnan
20000560   _LRteps
20000570   _LXbig
20000578   _LZero
20000580   _lock
20000584   _unlock
20000588   _cleanup_ptr
2000058c   _dtors_ptr
20000590   main_func_sp
20000598   flag1
ffffffff   __binit__
ffffffff   __c_args__
ffffffff   binit

[119 symbols]
